// Jest Snapshot v1, https://goo.gl/fbAQLP

exports[`Input Search 1`] = `
<div
  className="search"
>
  <input
    onChange={[Function]}
    placeholder="pesquise filmes por titulo aqui"
    type="text"
    value=""
  />
</div>
`;
